// Vitest Snapshot v1, https://vitest.dev/guide/snapshot.html

exports[`render 1`] = `
<div
  class="text-3xl"
  id="ASTbananas"
>
  AutoScalingText Hey
</div>
`;
